Archive member included because of file (symbol)

C:/NXP/S32DS_ARM_v2018.R1/S32DS/arm_ewl2/lib/armv7e-m\libc99.a(exit.o)
                              C:/NXP/S32DS_ARM_v2018.R1/S32DS/arm_ewl2/lib/armv7e-m/__arm_start.o (exit)
C:/NXP/S32DS_ARM_v2018.R1/S32DS/arm_ewl2/lib/armv7e-m\libc99.a(memset.o)
                              C:/NXP/S32DS_ARM_v2018.R1/S32DS/arm_ewl2/lib/armv7e-m/__arm_start.o (memset)
C:/NXP/S32DS_ARM_v2018.R1/S32DS/arm_ewl2/lib/armv7e-m\libc99.a(__filll_mem.o)
                              C:/NXP/S32DS_ARM_v2018.R1/S32DS/arm_ewl2/lib/armv7e-m\libc99.a(memset.o) (__fill_mem)
c:/nxp/s32ds_arm_v2018.r1/cross_tools/gcc-arm-none-eabi-4_9/bin/../lib/gcc/arm-none-eabi/4.9.3/armv7e-m\libgcc.a(_arm_addsubdf3.o)
                              ./src/main.o (__aeabi_dsub)
c:/nxp/s32ds_arm_v2018.r1/cross_tools/gcc-arm-none-eabi-4_9/bin/../lib/gcc/arm-none-eabi/4.9.3/armv7e-m\libgcc.a(_arm_muldivdf3.o)
                              ./src/main.o (__aeabi_dmul)
c:/nxp/s32ds_arm_v2018.r1/cross_tools/gcc-arm-none-eabi-4_9/bin/../lib/gcc/arm-none-eabi/4.9.3/armv7e-m\libgcc.a(_arm_fixdfsi.o)
                              ./src/main.o (__aeabi_d2iz)
c:/nxp/s32ds_arm_v2018.r1/cross_tools/gcc-arm-none-eabi-4_9/bin/../lib/gcc/arm-none-eabi/4.9.3/armv7e-m\libgcc.a(_arm_truncdfsf2.o)
                              ./src/main.o (__aeabi_d2f)
C:/NXP/S32DS_ARM_v2018.R1/S32DS/arm_ewl2/lib/armv7e-m\librt.a(gcc_ctor_dtor.o)
                              C:/NXP/S32DS_ARM_v2018.R1/S32DS/arm_ewl2/lib/armv7e-m/__arm_start.o (__init_cpp)
C:/NXP/S32DS_ARM_v2018.R1/S32DS/arm_ewl2/lib/armv7e-m\librt.a(__arm_eabi_init.o)
                              C:/NXP/S32DS_ARM_v2018.R1/S32DS/arm_ewl2/lib/armv7e-m\libc99.a(exit.o) (__destroy_global_chain)
C:/NXP/S32DS_ARM_v2018.R1/S32DS/arm_ewl2/lib/armv7e-m\librt.a(ROMCopy.o)
                              C:/NXP/S32DS_ARM_v2018.R1/S32DS/arm_ewl2/lib/armv7e-m/__arm_start.o (__copy_rom_sections_to_ram)

Allocating common symbols
Common symbol       size              file

j                   0x1               ./src/main.o
valor               0x28              ./src/main.o

Discarded input sections

 .text          0x00000000        0x0 C:/NXP/S32DS_ARM_v2018.R1/S32DS/arm_ewl2/lib/armv7e-m/__arm_start.o
 .data          0x00000000        0x0 C:/NXP/S32DS_ARM_v2018.R1/S32DS/arm_ewl2/lib/armv7e-m/__arm_start.o
 .bss           0x00000000        0x0 C:/NXP/S32DS_ARM_v2018.R1/S32DS/arm_ewl2/lib/armv7e-m/__arm_start.o
 .text.__thumb_startup
                0x00000000       0x3c C:/NXP/S32DS_ARM_v2018.R1/S32DS/arm_ewl2/lib/armv7e-m/__arm_start.o
 .text.__iar_program_start
                0x00000000        0x4 C:/NXP/S32DS_ARM_v2018.R1/S32DS/arm_ewl2/lib/armv7e-m/__arm_start.o
 .bss.argv      0x00000000        0x4 C:/NXP/S32DS_ARM_v2018.R1/S32DS/arm_ewl2/lib/armv7e-m/__arm_start.o
 .debug_info    0x00000000      0x144 C:/NXP/S32DS_ARM_v2018.R1/S32DS/arm_ewl2/lib/armv7e-m/__arm_start.o
 .debug_abbrev  0x00000000       0xc0 C:/NXP/S32DS_ARM_v2018.R1/S32DS/arm_ewl2/lib/armv7e-m/__arm_start.o
 .debug_aranges
                0x00000000       0x28 C:/NXP/S32DS_ARM_v2018.R1/S32DS/arm_ewl2/lib/armv7e-m/__arm_start.o
 .debug_line    0x00000000       0x68 C:/NXP/S32DS_ARM_v2018.R1/S32DS/arm_ewl2/lib/armv7e-m/__arm_start.o
 .debug_str     0x00000000      0x270 C:/NXP/S32DS_ARM_v2018.R1/S32DS/arm_ewl2/lib/armv7e-m/__arm_start.o
 .comment       0x00000000       0x71 C:/NXP/S32DS_ARM_v2018.R1/S32DS/arm_ewl2/lib/armv7e-m/__arm_start.o
 .debug_frame   0x00000000       0x30 C:/NXP/S32DS_ARM_v2018.R1/S32DS/arm_ewl2/lib/armv7e-m/__arm_start.o
 .ARM.attributes
                0x00000000       0x33 C:/NXP/S32DS_ARM_v2018.R1/S32DS/arm_ewl2/lib/armv7e-m/__arm_start.o
 .group         0x00000000        0x8 ./src/main.o
 .group         0x00000000        0x8 ./src/main.o
 .group         0x00000000        0x8 ./src/main.o
 .group         0x00000000        0x8 ./src/main.o
 .group         0x00000000        0x8 ./src/main.o
 .group         0x00000000        0x8 ./src/main.o
 .group         0x00000000        0x8 ./src/main.o
 .group         0x00000000        0x8 ./src/main.o
 .group         0x00000000        0x8 ./src/main.o
 .group         0x00000000        0x8 ./src/main.o
 .group         0x00000000        0x8 ./src/main.o
 .group         0x00000000        0x8 ./src/main.o
 .group         0x00000000        0x8 ./src/main.o
 .group         0x00000000        0x8 ./src/main.o
 .text          0x00000000        0x0 ./src/main.o
 .data          0x00000000        0x0 ./src/main.o
 .bss           0x00000000        0x0 ./src/main.o
 .text.tare     0x00000000       0x38 ./src/main.o
 .group         0x00000000        0x8 ./Project_Settings/Startup_Code/system_S32K142.o
 .group         0x00000000        0x8 ./Project_Settings/Startup_Code/system_S32K142.o
 .group         0x00000000        0x8 ./Project_Settings/Startup_Code/system_S32K142.o
 .group         0x00000000        0x8 ./Project_Settings/Startup_Code/system_S32K142.o
 .group         0x00000000        0x8 ./Project_Settings/Startup_Code/system_S32K142.o
 .group         0x00000000        0x8 ./Project_Settings/Startup_Code/system_S32K142.o
 .group         0x00000000        0x8 ./Project_Settings/Startup_Code/system_S32K142.o
 .group         0x00000000        0x8 ./Project_Settings/Startup_Code/system_S32K142.o
 .group         0x00000000        0x8 ./Project_Settings/Startup_Code/system_S32K142.o
 .group         0x00000000        0x8 ./Project_Settings/Startup_Code/system_S32K142.o
 .group         0x00000000        0x8 ./Project_Settings/Startup_Code/system_S32K142.o
 .group         0x00000000        0x8 ./Project_Settings/Startup_Code/system_S32K142.o
 .group         0x00000000        0x8 ./Project_Settings/Startup_Code/system_S32K142.o
 .group         0x00000000        0x8 ./Project_Settings/Startup_Code/system_S32K142.o
 .group         0x00000000        0x8 ./Project_Settings/Startup_Code/system_S32K142.o
 .group         0x00000000        0x8 ./Project_Settings/Startup_Code/system_S32K142.o
 .group         0x00000000        0x8 ./Project_Settings/Startup_Code/system_S32K142.o
 .group         0x00000000        0x8 ./Project_Settings/Startup_Code/system_S32K142.o
 .group         0x00000000        0x8 ./Project_Settings/Startup_Code/system_S32K142.o
 .text          0x00000000        0x0 ./Project_Settings/Startup_Code/system_S32K142.o
 .data          0x00000000        0x0 ./Project_Settings/Startup_Code/system_S32K142.o
 .bss           0x00000000        0x0 ./Project_Settings/Startup_Code/system_S32K142.o
 .data.SystemCoreClock
                0x00000000        0x4 ./Project_Settings/Startup_Code/system_S32K142.o
 .text.SystemCoreClockUpdate
                0x00000000       0xf4 ./Project_Settings/Startup_Code/system_S32K142.o
 .text.SystemSoftwareReset
                0x00000000       0x40 ./Project_Settings/Startup_Code/system_S32K142.o
 .rodata.fircFreq.5147
                0x00000000       0x10 ./Project_Settings/Startup_Code/system_S32K142.o
 .debug_macro   0x00000000      0x868 ./Project_Settings/Startup_Code/system_S32K142.o
 .debug_macro   0x00000000       0x52 ./Project_Settings/Startup_Code/system_S32K142.o
 .debug_macro   0x00000000       0xa0 ./Project_Settings/Startup_Code/system_S32K142.o
 .debug_macro   0x00000000       0x16 ./Project_Settings/Startup_Code/system_S32K142.o
 .debug_macro   0x00000000       0x16 ./Project_Settings/Startup_Code/system_S32K142.o
 .debug_macro   0x00000000       0x64 ./Project_Settings/Startup_Code/system_S32K142.o
 .debug_macro   0x00000000      0x185 ./Project_Settings/Startup_Code/system_S32K142.o
 .debug_macro   0x00000000      0x140 ./Project_Settings/Startup_Code/system_S32K142.o
 .debug_macro   0x00000000       0x9d ./Project_Settings/Startup_Code/system_S32K142.o
 .debug_macro   0x00000000       0x10 ./Project_Settings/Startup_Code/system_S32K142.o
 .debug_macro   0x00000000      0x15b ./Project_Settings/Startup_Code/system_S32K142.o
 .debug_macro   0x00000000       0x28 ./Project_Settings/Startup_Code/system_S32K142.o
 .debug_macro   0x00000000       0x58 ./Project_Settings/Startup_Code/system_S32K142.o
 .debug_macro   0x00000000     0xece3 ./Project_Settings/Startup_Code/system_S32K142.o
 .data          0x00000000        0x0 ./Project_Settings/Startup_Code/startup_S32K142.o
 .bss           0x00000000        0x0 ./Project_Settings/Startup_Code/startup_S32K142.o
 .FlashConfig   0x00000000       0x10 ./Project_Settings/Startup_Code/startup_S32K142.o
 .group         0x00000000        0x8 ./Project_Settings/Startup_Code/startup.o
 .group         0x00000000        0x8 ./Project_Settings/Startup_Code/startup.o
 .group         0x00000000        0x8 ./Project_Settings/Startup_Code/startup.o
 .group         0x00000000        0x8 ./Project_Settings/Startup_Code/startup.o
 .group         0x00000000        0x8 ./Project_Settings/Startup_Code/startup.o
 .group         0x00000000        0x8 ./Project_Settings/Startup_Code/startup.o
 .group         0x00000000        0x8 ./Project_Settings/Startup_Code/startup.o
 .group         0x00000000        0x8 ./Project_Settings/Startup_Code/startup.o
 .group         0x00000000        0x8 ./Project_Settings/Startup_Code/startup.o
 .group         0x00000000        0x8 ./Project_Settings/Startup_Code/startup.o
 .group         0x00000000        0x8 ./Project_Settings/Startup_Code/startup.o
 .group         0x00000000        0x8 ./Project_Settings/Startup_Code/startup.o
 .group         0x00000000        0x8 ./Project_Settings/Startup_Code/startup.o
 .group         0x00000000        0x8 ./Project_Settings/Startup_Code/startup.o
 .group         0x00000000        0x8 ./Project_Settings/Startup_Code/startup.o
 .group         0x00000000        0x8 ./Project_Settings/Startup_Code/startup.o
 .group         0x00000000        0x8 ./Project_Settings/Startup_Code/startup.o
 .group         0x00000000        0x8 ./Project_Settings/Startup_Code/startup.o
 .text          0x00000000        0x0 ./Project_Settings/Startup_Code/startup.o
 .data          0x00000000        0x0 ./Project_Settings/Startup_Code/startup.o
 .bss           0x00000000        0x0 ./Project_Settings/Startup_Code/startup.o
 .debug_macro   0x00000000      0x868 ./Project_Settings/Startup_Code/startup.o
 .debug_macro   0x00000000       0x52 ./Project_Settings/Startup_Code/startup.o
 .debug_macro   0x00000000       0xa0 ./Project_Settings/Startup_Code/startup.o
 .debug_macro   0x00000000       0x16 ./Project_Settings/Startup_Code/startup.o
 .debug_macro   0x00000000       0x10 ./Project_Settings/Startup_Code/startup.o
 .debug_macro   0x00000000       0x6d ./Project_Settings/Startup_Code/startup.o
 .debug_macro   0x00000000       0x16 ./Project_Settings/Startup_Code/startup.o
 .debug_macro   0x00000000       0x64 ./Project_Settings/Startup_Code/startup.o
 .debug_macro   0x00000000      0x185 ./Project_Settings/Startup_Code/startup.o
 .debug_macro   0x00000000      0x140 ./Project_Settings/Startup_Code/startup.o
 .debug_macro   0x00000000       0x9d ./Project_Settings/Startup_Code/startup.o
 .debug_macro   0x00000000       0x10 ./Project_Settings/Startup_Code/startup.o
 .debug_macro   0x00000000      0x15b ./Project_Settings/Startup_Code/startup.o
 .debug_macro   0x00000000       0x28 ./Project_Settings/Startup_Code/startup.o
 .debug_macro   0x00000000       0x58 ./Project_Settings/Startup_Code/startup.o
 .debug_macro   0x00000000     0xece3 ./Project_Settings/Startup_Code/startup.o
 .debug_macro   0x00000000      0x9fc ./Project_Settings/Startup_Code/startup.o
 .debug_macro   0x00000000       0x22 ./Project_Settings/Startup_Code/startup.o
 .text          0x00000000        0x0 C:/NXP/S32DS_ARM_v2018.R1/S32DS/arm_ewl2/lib/armv7e-m\libc99.a(exit.o)
 .data          0x00000000        0x0 C:/NXP/S32DS_ARM_v2018.R1/S32DS/arm_ewl2/lib/armv7e-m\libc99.a(exit.o)
 .bss           0x00000000        0x0 C:/NXP/S32DS_ARM_v2018.R1/S32DS/arm_ewl2/lib/armv7e-m\libc99.a(exit.o)
 .text.exit     0x00000000       0x38 C:/NXP/S32DS_ARM_v2018.R1/S32DS/arm_ewl2/lib/armv7e-m\libc99.a(exit.o)
 .text._Exit    0x00000000        0x4 C:/NXP/S32DS_ARM_v2018.R1/S32DS/arm_ewl2/lib/armv7e-m\libc99.a(exit.o)
 .bss.__stdio_exit
                0x00000000        0x4 C:/NXP/S32DS_ARM_v2018.R1/S32DS/arm_ewl2/lib/armv7e-m\libc99.a(exit.o)
 .bss.__console_exit
                0x00000000        0x4 C:/NXP/S32DS_ARM_v2018.R1/S32DS/arm_ewl2/lib/armv7e-m\libc99.a(exit.o)
 .debug_info    0x00000000      0x111 C:/NXP/S32DS_ARM_v2018.R1/S32DS/arm_ewl2/lib/armv7e-m\libc99.a(exit.o)
 .debug_abbrev  0x00000000       0x91 C:/NXP/S32DS_ARM_v2018.R1/S32DS/arm_ewl2/lib/armv7e-m\libc99.a(exit.o)
 .debug_loc     0x00000000       0x5d C:/NXP/S32DS_ARM_v2018.R1/S32DS/arm_ewl2/lib/armv7e-m\libc99.a(exit.o)
 .debug_aranges
                0x00000000       0x28 C:/NXP/S32DS_ARM_v2018.R1/S32DS/arm_ewl2/lib/armv7e-m\libc99.a(exit.o)
 .debug_line    0x00000000       0xa4 C:/NXP/S32DS_ARM_v2018.R1/S32DS/arm_ewl2/lib/armv7e-m\libc99.a(exit.o)
 .debug_str     0x00000000      0x23c C:/NXP/S32DS_ARM_v2018.R1/S32DS/arm_ewl2/lib/armv7e-m\libc99.a(exit.o)
 .comment       0x00000000       0x71 C:/NXP/S32DS_ARM_v2018.R1/S32DS/arm_ewl2/lib/armv7e-m\libc99.a(exit.o)
 .debug_frame   0x00000000       0x3c C:/NXP/S32DS_ARM_v2018.R1/S32DS/arm_ewl2/lib/armv7e-m\libc99.a(exit.o)
 .ARM.attributes
                0x00000000       0x33 C:/NXP/S32DS_ARM_v2018.R1/S32DS/arm_ewl2/lib/armv7e-m\libc99.a(exit.o)
 .text          0x00000000        0x0 C:/NXP/S32DS_ARM_v2018.R1/S32DS/arm_ewl2/lib/armv7e-m\libc99.a(memset.o)
 .data          0x00000000        0x0 C:/NXP/S32DS_ARM_v2018.R1/S32DS/arm_ewl2/lib/armv7e-m\libc99.a(memset.o)
 .bss           0x00000000        0x0 C:/NXP/S32DS_ARM_v2018.R1/S32DS/arm_ewl2/lib/armv7e-m\libc99.a(memset.o)
 .text.memset   0x00000000        0xc C:/NXP/S32DS_ARM_v2018.R1/S32DS/arm_ewl2/lib/armv7e-m\libc99.a(memset.o)
 .debug_info    0x00000000       0xec C:/NXP/S32DS_ARM_v2018.R1/S32DS/arm_ewl2/lib/armv7e-m\libc99.a(memset.o)
 .debug_abbrev  0x00000000       0x62 C:/NXP/S32DS_ARM_v2018.R1/S32DS/arm_ewl2/lib/armv7e-m\libc99.a(memset.o)
 .debug_loc     0x00000000       0x64 C:/NXP/S32DS_ARM_v2018.R1/S32DS/arm_ewl2/lib/armv7e-m\libc99.a(memset.o)
 .debug_aranges
                0x00000000       0x20 C:/NXP/S32DS_ARM_v2018.R1/S32DS/arm_ewl2/lib/armv7e-m\libc99.a(memset.o)
 .debug_line    0x00000000       0x8f C:/NXP/S32DS_ARM_v2018.R1/S32DS/arm_ewl2/lib/armv7e-m\libc99.a(memset.o)
 .debug_str     0x00000000      0x21f C:/NXP/S32DS_ARM_v2018.R1/S32DS/arm_ewl2/lib/armv7e-m\libc99.a(memset.o)
 .comment       0x00000000       0x71 C:/NXP/S32DS_ARM_v2018.R1/S32DS/arm_ewl2/lib/armv7e-m\libc99.a(memset.o)
 .debug_frame   0x00000000       0x28 C:/NXP/S32DS_ARM_v2018.R1/S32DS/arm_ewl2/lib/armv7e-m\libc99.a(memset.o)
 .ARM.attributes
                0x00000000       0x33 C:/NXP/S32DS_ARM_v2018.R1/S32DS/arm_ewl2/lib/armv7e-m\libc99.a(memset.o)
 .text          0x00000000        0x0 C:/NXP/S32DS_ARM_v2018.R1/S32DS/arm_ewl2/lib/armv7e-m\libc99.a(__filll_mem.o)
 .data          0x00000000        0x0 C:/NXP/S32DS_ARM_v2018.R1/S32DS/arm_ewl2/lib/armv7e-m\libc99.a(__filll_mem.o)
 .bss           0x00000000        0x0 C:/NXP/S32DS_ARM_v2018.R1/S32DS/arm_ewl2/lib/armv7e-m\libc99.a(__filll_mem.o)
 .text.__fill_mem
                0x00000000       0x7a C:/NXP/S32DS_ARM_v2018.R1/S32DS/arm_ewl2/lib/armv7e-m\libc99.a(__filll_mem.o)
 .debug_info    0x00000000      0x137 C:/NXP/S32DS_ARM_v2018.R1/S32DS/arm_ewl2/lib/armv7e-m\libc99.a(__filll_mem.o)
 .debug_abbrev  0x00000000       0x78 C:/NXP/S32DS_ARM_v2018.R1/S32DS/arm_ewl2/lib/armv7e-m\libc99.a(__filll_mem.o)
 .debug_loc     0x00000000      0x16b C:/NXP/S32DS_ARM_v2018.R1/S32DS/arm_ewl2/lib/armv7e-m\libc99.a(__filll_mem.o)
 .debug_aranges
                0x00000000       0x20 C:/NXP/S32DS_ARM_v2018.R1/S32DS/arm_ewl2/lib/armv7e-m\libc99.a(__filll_mem.o)
 .debug_line    0x00000000       0xb2 C:/NXP/S32DS_ARM_v2018.R1/S32DS/arm_ewl2/lib/armv7e-m\libc99.a(__filll_mem.o)
 .debug_str     0x00000000      0x231 C:/NXP/S32DS_ARM_v2018.R1/S32DS/arm_ewl2/lib/armv7e-m\libc99.a(__filll_mem.o)
 .comment       0x00000000       0x71 C:/NXP/S32DS_ARM_v2018.R1/S32DS/arm_ewl2/lib/armv7e-m\libc99.a(__filll_mem.o)
 .debug_frame   0x00000000       0x28 C:/NXP/S32DS_ARM_v2018.R1/S32DS/arm_ewl2/lib/armv7e-m\libc99.a(__filll_mem.o)
 .ARM.attributes
                0x00000000       0x33 C:/NXP/S32DS_ARM_v2018.R1/S32DS/arm_ewl2/lib/armv7e-m\libc99.a(__filll_mem.o)
 .data          0x00000000        0x0 c:/nxp/s32ds_arm_v2018.r1/cross_tools/gcc-arm-none-eabi-4_9/bin/../lib/gcc/arm-none-eabi/4.9.3/armv7e-m\libgcc.a(_arm_addsubdf3.o)
 .bss           0x00000000        0x0 c:/nxp/s32ds_arm_v2018.r1/cross_tools/gcc-arm-none-eabi-4_9/bin/../lib/gcc/arm-none-eabi/4.9.3/armv7e-m\libgcc.a(_arm_addsubdf3.o)
 .data          0x00000000        0x0 c:/nxp/s32ds_arm_v2018.r1/cross_tools/gcc-arm-none-eabi-4_9/bin/../lib/gcc/arm-none-eabi/4.9.3/armv7e-m\libgcc.a(_arm_muldivdf3.o)
 .bss           0x00000000        0x0 c:/nxp/s32ds_arm_v2018.r1/cross_tools/gcc-arm-none-eabi-4_9/bin/../lib/gcc/arm-none-eabi/4.9.3/armv7e-m\libgcc.a(_arm_muldivdf3.o)
 .text          0x00000000       0x50 c:/nxp/s32ds_arm_v2018.r1/cross_tools/gcc-arm-none-eabi-4_9/bin/../lib/gcc/arm-none-eabi/4.9.3/armv7e-m\libgcc.a(_arm_fixdfsi.o)
 .data          0x00000000        0x0 c:/nxp/s32ds_arm_v2018.r1/cross_tools/gcc-arm-none-eabi-4_9/bin/../lib/gcc/arm-none-eabi/4.9.3/armv7e-m\libgcc.a(_arm_fixdfsi.o)
 .bss           0x00000000        0x0 c:/nxp/s32ds_arm_v2018.r1/cross_tools/gcc-arm-none-eabi-4_9/bin/../lib/gcc/arm-none-eabi/4.9.3/armv7e-m\libgcc.a(_arm_fixdfsi.o)
 .ARM.attributes
                0x00000000       0x1e c:/nxp/s32ds_arm_v2018.r1/cross_tools/gcc-arm-none-eabi-4_9/bin/../lib/gcc/arm-none-eabi/4.9.3/armv7e-m\libgcc.a(_arm_fixdfsi.o)
 .data          0x00000000        0x0 c:/nxp/s32ds_arm_v2018.r1/cross_tools/gcc-arm-none-eabi-4_9/bin/../lib/gcc/arm-none-eabi/4.9.3/armv7e-m\libgcc.a(_arm_truncdfsf2.o)
 .bss           0x00000000        0x0 c:/nxp/s32ds_arm_v2018.r1/cross_tools/gcc-arm-none-eabi-4_9/bin/../lib/gcc/arm-none-eabi/4.9.3/armv7e-m\libgcc.a(_arm_truncdfsf2.o)
 .text          0x00000000        0x0 C:/NXP/S32DS_ARM_v2018.R1/S32DS/arm_ewl2/lib/armv7e-m\librt.a(gcc_ctor_dtor.o)
 .data          0x00000000        0x0 C:/NXP/S32DS_ARM_v2018.R1/S32DS/arm_ewl2/lib/armv7e-m\librt.a(gcc_ctor_dtor.o)
 .bss           0x00000000        0x0 C:/NXP/S32DS_ARM_v2018.R1/S32DS/arm_ewl2/lib/armv7e-m\librt.a(gcc_ctor_dtor.o)
 .text.__init_cpp
                0x00000000       0x4c C:/NXP/S32DS_ARM_v2018.R1/S32DS/arm_ewl2/lib/armv7e-m\librt.a(gcc_ctor_dtor.o)
 .text.__fini_cpp
                0x00000000       0x34 C:/NXP/S32DS_ARM_v2018.R1/S32DS/arm_ewl2/lib/armv7e-m\librt.a(gcc_ctor_dtor.o)
 .text._ExitProcess
                0x00000000        0x2 C:/NXP/S32DS_ARM_v2018.R1/S32DS/arm_ewl2/lib/armv7e-m\librt.a(gcc_ctor_dtor.o)
 .bss.__dso_handle
                0x00000000        0x4 C:/NXP/S32DS_ARM_v2018.R1/S32DS/arm_ewl2/lib/armv7e-m\librt.a(gcc_ctor_dtor.o)
 .debug_info    0x00000000      0x14a C:/NXP/S32DS_ARM_v2018.R1/S32DS/arm_ewl2/lib/armv7e-m\librt.a(gcc_ctor_dtor.o)
 .debug_abbrev  0x00000000       0xae C:/NXP/S32DS_ARM_v2018.R1/S32DS/arm_ewl2/lib/armv7e-m\librt.a(gcc_ctor_dtor.o)
 .debug_loc     0x00000000       0x9d C:/NXP/S32DS_ARM_v2018.R1/S32DS/arm_ewl2/lib/armv7e-m\librt.a(gcc_ctor_dtor.o)
 .debug_aranges
                0x00000000       0x30 C:/NXP/S32DS_ARM_v2018.R1/S32DS/arm_ewl2/lib/armv7e-m\librt.a(gcc_ctor_dtor.o)
 .debug_line    0x00000000       0x74 C:/NXP/S32DS_ARM_v2018.R1/S32DS/arm_ewl2/lib/armv7e-m\librt.a(gcc_ctor_dtor.o)
 .debug_str     0x00000000      0x28e C:/NXP/S32DS_ARM_v2018.R1/S32DS/arm_ewl2/lib/armv7e-m\librt.a(gcc_ctor_dtor.o)
 .comment       0x00000000       0x71 C:/NXP/S32DS_ARM_v2018.R1/S32DS/arm_ewl2/lib/armv7e-m\librt.a(gcc_ctor_dtor.o)
 .debug_frame   0x00000000       0x50 C:/NXP/S32DS_ARM_v2018.R1/S32DS/arm_ewl2/lib/armv7e-m\librt.a(gcc_ctor_dtor.o)
 .ARM.attributes
                0x00000000       0x33 C:/NXP/S32DS_ARM_v2018.R1/S32DS/arm_ewl2/lib/armv7e-m\librt.a(gcc_ctor_dtor.o)
 .text          0x00000000        0x0 C:/NXP/S32DS_ARM_v2018.R1/S32DS/arm_ewl2/lib/armv7e-m\librt.a(__arm_eabi_init.o)
 .data          0x00000000        0x0 C:/NXP/S32DS_ARM_v2018.R1/S32DS/arm_ewl2/lib/armv7e-m\librt.a(__arm_eabi_init.o)
 .bss           0x00000000        0x0 C:/NXP/S32DS_ARM_v2018.R1/S32DS/arm_ewl2/lib/armv7e-m\librt.a(__arm_eabi_init.o)
 .text.__destroy_global_chain
                0x00000000       0x18 C:/NXP/S32DS_ARM_v2018.R1/S32DS/arm_ewl2/lib/armv7e-m\librt.a(__arm_eabi_init.o)
 .text.__register_global_object
                0x00000000       0x14 C:/NXP/S32DS_ARM_v2018.R1/S32DS/arm_ewl2/lib/armv7e-m\librt.a(__arm_eabi_init.o)
 .text.__cxa_atexit
                0x00000000       0x38 C:/NXP/S32DS_ARM_v2018.R1/S32DS/arm_ewl2/lib/armv7e-m\librt.a(__arm_eabi_init.o)
 .text.__aeabi_atexit
                0x00000000        0xa C:/NXP/S32DS_ARM_v2018.R1/S32DS/arm_ewl2/lib/armv7e-m\librt.a(__arm_eabi_init.o)
 .text.__register_atexit
                0x00000000        0x8 C:/NXP/S32DS_ARM_v2018.R1/S32DS/arm_ewl2/lib/armv7e-m\librt.a(__arm_eabi_init.o)
 .text.__init_registers
                0x00000000       0x20 C:/NXP/S32DS_ARM_v2018.R1/S32DS/arm_ewl2/lib/armv7e-m\librt.a(__arm_eabi_init.o)
 .text.__init_hardware
                0x00000000        0x4 C:/NXP/S32DS_ARM_v2018.R1/S32DS/arm_ewl2/lib/armv7e-m\librt.a(__arm_eabi_init.o)
 .text.__init_user
                0x00000000        0x4 C:/NXP/S32DS_ARM_v2018.R1/S32DS/arm_ewl2/lib/armv7e-m\librt.a(__arm_eabi_init.o)
 .bss.atexit_curr_func
                0x00000000        0x4 C:/NXP/S32DS_ARM_v2018.R1/S32DS/arm_ewl2/lib/armv7e-m\librt.a(__arm_eabi_init.o)
 .bss.atexit_funcs
                0x00000000      0x300 C:/NXP/S32DS_ARM_v2018.R1/S32DS/arm_ewl2/lib/armv7e-m\librt.a(__arm_eabi_init.o)
 .bss.__global_destructor_chain
                0x00000000        0x4 C:/NXP/S32DS_ARM_v2018.R1/S32DS/arm_ewl2/lib/armv7e-m\librt.a(__arm_eabi_init.o)
 .debug_info    0x00000000      0x2b3 C:/NXP/S32DS_ARM_v2018.R1/S32DS/arm_ewl2/lib/armv7e-m\librt.a(__arm_eabi_init.o)
 .debug_abbrev  0x00000000      0x1d3 C:/NXP/S32DS_ARM_v2018.R1/S32DS/arm_ewl2/lib/armv7e-m\librt.a(__arm_eabi_init.o)
 .debug_loc     0x00000000      0x144 C:/NXP/S32DS_ARM_v2018.R1/S32DS/arm_ewl2/lib/armv7e-m\librt.a(__arm_eabi_init.o)
 .debug_aranges
                0x00000000       0x58 C:/NXP/S32DS_ARM_v2018.R1/S32DS/arm_ewl2/lib/armv7e-m\librt.a(__arm_eabi_init.o)
 .debug_line    0x00000000      0x107 C:/NXP/S32DS_ARM_v2018.R1/S32DS/arm_ewl2/lib/armv7e-m\librt.a(__arm_eabi_init.o)
 .debug_str     0x00000000      0x2b5 C:/NXP/S32DS_ARM_v2018.R1/S32DS/arm_ewl2/lib/armv7e-m\librt.a(__arm_eabi_init.o)
 .comment       0x00000000       0x71 C:/NXP/S32DS_ARM_v2018.R1/S32DS/arm_ewl2/lib/armv7e-m\librt.a(__arm_eabi_init.o)
 .debug_frame   0x00000000       0xac C:/NXP/S32DS_ARM_v2018.R1/S32DS/arm_ewl2/lib/armv7e-m\librt.a(__arm_eabi_init.o)
 .ARM.attributes
                0x00000000       0x33 C:/NXP/S32DS_ARM_v2018.R1/S32DS/arm_ewl2/lib/armv7e-m\librt.a(__arm_eabi_init.o)
 .text          0x00000000        0x0 C:/NXP/S32DS_ARM_v2018.R1/S32DS/arm_ewl2/lib/armv7e-m\librt.a(ROMCopy.o)
 .data          0x00000000        0x0 C:/NXP/S32DS_ARM_v2018.R1/S32DS/arm_ewl2/lib/armv7e-m\librt.a(ROMCopy.o)
 .bss           0x00000000        0x0 C:/NXP/S32DS_ARM_v2018.R1/S32DS/arm_ewl2/lib/armv7e-m\librt.a(ROMCopy.o)
 .text.__flush_cache
                0x00000000        0x2 C:/NXP/S32DS_ARM_v2018.R1/S32DS/arm_ewl2/lib/armv7e-m\librt.a(ROMCopy.o)
 .text.__copy_rom_section
                0x00000000       0x42 C:/NXP/S32DS_ARM_v2018.R1/S32DS/arm_ewl2/lib/armv7e-m\librt.a(ROMCopy.o)
 .text.__copy_rom_sections_to_ram
                0x00000000       0x28 C:/NXP/S32DS_ARM_v2018.R1/S32DS/arm_ewl2/lib/armv7e-m\librt.a(ROMCopy.o)
 .debug_info    0x00000000      0x20e C:/NXP/S32DS_ARM_v2018.R1/S32DS/arm_ewl2/lib/armv7e-m\librt.a(ROMCopy.o)
 .debug_abbrev  0x00000000      0x11f C:/NXP/S32DS_ARM_v2018.R1/S32DS/arm_ewl2/lib/armv7e-m\librt.a(ROMCopy.o)
 .debug_loc     0x00000000       0xb3 C:/NXP/S32DS_ARM_v2018.R1/S32DS/arm_ewl2/lib/armv7e-m\librt.a(ROMCopy.o)
 .debug_aranges
                0x00000000       0x30 C:/NXP/S32DS_ARM_v2018.R1/S32DS/arm_ewl2/lib/armv7e-m\librt.a(ROMCopy.o)
 .debug_line    0x00000000       0x9e C:/NXP/S32DS_ARM_v2018.R1/S32DS/arm_ewl2/lib/armv7e-m\librt.a(ROMCopy.o)
 .debug_str     0x00000000      0x233 C:/NXP/S32DS_ARM_v2018.R1/S32DS/arm_ewl2/lib/armv7e-m\librt.a(ROMCopy.o)
 .comment       0x00000000       0x71 C:/NXP/S32DS_ARM_v2018.R1/S32DS/arm_ewl2/lib/armv7e-m\librt.a(ROMCopy.o)
 .debug_frame   0x00000000       0x48 C:/NXP/S32DS_ARM_v2018.R1/S32DS/arm_ewl2/lib/armv7e-m\librt.a(ROMCopy.o)
 .ARM.attributes
                0x00000000       0x33 C:/NXP/S32DS_ARM_v2018.R1/S32DS/arm_ewl2/lib/armv7e-m\librt.a(ROMCopy.o)
 .text          0x00000000        0x0 C:/NXP/S32DS_ARM_v2018.R1/S32DS/arm_ewl2/lib/armv7e-m/__arm_end.o
 .data          0x00000000        0x0 C:/NXP/S32DS_ARM_v2018.R1/S32DS/arm_ewl2/lib/armv7e-m/__arm_end.o
 .bss           0x00000000        0x0 C:/NXP/S32DS_ARM_v2018.R1/S32DS/arm_ewl2/lib/armv7e-m/__arm_end.o
 .text._ExitProcess
                0x00000000        0x2 C:/NXP/S32DS_ARM_v2018.R1/S32DS/arm_ewl2/lib/armv7e-m/__arm_end.o
 .debug_info    0x00000000       0x4e C:/NXP/S32DS_ARM_v2018.R1/S32DS/arm_ewl2/lib/armv7e-m/__arm_end.o
 .debug_abbrev  0x00000000       0x4a C:/NXP/S32DS_ARM_v2018.R1/S32DS/arm_ewl2/lib/armv7e-m/__arm_end.o
 .debug_aranges
                0x00000000       0x20 C:/NXP/S32DS_ARM_v2018.R1/S32DS/arm_ewl2/lib/armv7e-m/__arm_end.o
 .debug_line    0x00000000       0x45 C:/NXP/S32DS_ARM_v2018.R1/S32DS/arm_ewl2/lib/armv7e-m/__arm_end.o
 .debug_str     0x00000000      0x1a7 C:/NXP/S32DS_ARM_v2018.R1/S32DS/arm_ewl2/lib/armv7e-m/__arm_end.o
 .comment       0x00000000       0x71 C:/NXP/S32DS_ARM_v2018.R1/S32DS/arm_ewl2/lib/armv7e-m/__arm_end.o
 .debug_frame   0x00000000       0x20 C:/NXP/S32DS_ARM_v2018.R1/S32DS/arm_ewl2/lib/armv7e-m/__arm_end.o
 .ARM.attributes
                0x00000000       0x33 C:/NXP/S32DS_ARM_v2018.R1/S32DS/arm_ewl2/lib/armv7e-m/__arm_end.o

Memory Configuration

Name             Origin             Length             Attributes
m_interrupts     0x1fffc000         0x00000400         xr
m_text           0x1fffc400         0x00003c00         xr
m_data           0x20000000         0x00003000         rw
*default*        0x00000000         0xffffffff

Linker script and memory map

LOAD C:/NXP/S32DS_ARM_v2018.R1/S32DS/arm_ewl2/lib/armv7e-m/__arm_start.o
LOAD ./src/main.o
LOAD ./Project_Settings/Startup_Code/system_S32K142.o
LOAD ./Project_Settings/Startup_Code/startup_S32K142.o
LOAD ./Project_Settings/Startup_Code/startup.o
START GROUP
LOAD C:/NXP/S32DS_ARM_v2018.R1/S32DS/arm_ewl2/lib/armv7e-m\libc99.a
LOAD C:/NXP/S32DS_ARM_v2018.R1/S32DS/arm_ewl2/lib/armv7e-m\libm.a
LOAD c:/nxp/s32ds_arm_v2018.r1/cross_tools/gcc-arm-none-eabi-4_9/bin/../lib/gcc/arm-none-eabi/4.9.3/armv7e-m\libgcc.a
LOAD C:/NXP/S32DS_ARM_v2018.R1/S32DS/arm_ewl2/lib/armv7e-m\librt.a
LOAD C:/NXP/S32DS_ARM_v2018.R1/S32DS/arm_ewl2/lib/armv7e-m\libnoio.a
END GROUP
LOAD C:/NXP/S32DS_ARM_v2018.R1/S32DS/arm_ewl2/lib/armv7e-m/__arm_end.o
                0x00000400                HEAP_SIZE = DEFINED (__heap_size__)?__heap_size__:0x400
                0x00000400                STACK_SIZE = DEFINED (__stack_size__)?__stack_size__:0x400

.interrupts     0x1fffc000      0x400
                0x1fffc000                __VECTOR_TABLE = .
                0x1fffc000                . = ALIGN (0x4)
 *(.isr_vector)
 .isr_vector    0x1fffc000      0x400 ./Project_Settings/Startup_Code/startup_S32K142.o
                0x1fffc000                __isr_vector
                0x1fffc400                . = ALIGN (0x4)
                0x1fffc000                __VECTOR_RAM = __VECTOR_TABLE
                0x00000000                __RAM_VECTOR_TABLE_SIZE = 0x0

.text           0x1fffc400      0xbdc
                0x1fffc400                . = ALIGN (0x4)
 *(.text)
 .text          0x1fffc400       0x44 ./Project_Settings/Startup_Code/startup_S32K142.o
                0x1fffc400                Reset_Handler
                0x1fffc440                Reserved111_IRQHandler
                0x1fffc440                DebugMon_Handler
                0x1fffc440                Reserved88_IRQHandler
                0x1fffc440                CAN0_ORed_IRQHandler
                0x1fffc440                HardFault_Handler
                0x1fffc440                Reserved86_IRQHandler
                0x1fffc440                Reserved103_IRQHandler
                0x1fffc440                SysTick_Handler
                0x1fffc440                FTM2_Ovf_Reload_IRQHandler
                0x1fffc440                Reserved50_IRQHandler
                0x1fffc440                FTFC_Fault_IRQHandler
                0x1fffc440                FTM0_Ch6_Ch7_IRQHandler
                0x1fffc440                Reserved114_IRQHandler
                0x1fffc440                PendSV_Handler
                0x1fffc440                NMI_Handler
                0x1fffc440                Reserved89_IRQHandler
                0x1fffc440                ERM_double_fault_IRQHandler
                0x1fffc440                DMA2_IRQHandler
                0x1fffc440                Reserved59_IRQHandler
                0x1fffc440                LPIT0_Ch0_IRQHandler
                0x1fffc440                Reserved99_IRQHandler
                0x1fffc440                FTM3_Ch6_Ch7_IRQHandler
                0x1fffc440                LPIT0_Ch3_IRQHandler
                0x1fffc440                Reserved92_IRQHandler
                0x1fffc440                FTM0_Ch4_Ch5_IRQHandler
                0x1fffc440                CAN1_Error_IRQHandler
                0x1fffc440                FTM3_Ch0_Ch1_IRQHandler
                0x1fffc440                SWI_IRQHandler
                0x1fffc440                ADC0_IRQHandler
                0x1fffc440                FTM2_Ch4_Ch5_IRQHandler
                0x1fffc440                UsageFault_Handler
                0x1fffc440                FTM0_Ovf_Reload_IRQHandler
                0x1fffc440                DefaultISR
                0x1fffc440                DMA9_IRQHandler
                0x1fffc440                Reserved58_IRQHandler
                0x1fffc440                CAN1_ORed_0_15_MB_IRQHandler
                0x1fffc440                FTM1_Ch2_Ch3_IRQHandler
                0x1fffc440                DMA14_IRQHandler
                0x1fffc440                Reserved82_IRQHandler
                0x1fffc440                CAN0_ORed_16_31_MB_IRQHandler
                0x1fffc440                LPI2C0_Slave_IRQHandler
                0x1fffc440                Reserved71_IRQHandler
                0x1fffc440                PORTD_IRQHandler
                0x1fffc440                Reserved69_IRQHandler
                0x1fffc440                PORTB_IRQHandler
                0x1fffc440                Reserved70_IRQHandler
                0x1fffc440                ADC1_IRQHandler
                0x1fffc440                FTM2_Ch2_Ch3_IRQHandler
                0x1fffc440                Reserved53_IRQHandler
                0x1fffc440                DMA5_IRQHandler
                0x1fffc440                RTC_IRQHandler
                0x1fffc440                PDB0_IRQHandler
                0x1fffc440                Reserved54_IRQHandler
                0x1fffc440                FTM2_Ch6_Ch7_IRQHandler
                0x1fffc440                FTM3_Ch2_Ch3_IRQHandler
                0x1fffc440                FTM2_Ch0_Ch1_IRQHandler
                0x1fffc440                LPSPI1_IRQHandler
                0x1fffc440                LPUART1_RxTx_IRQHandler
                0x1fffc440                RTC_Seconds_IRQHandler
                0x1fffc440                Reserved108_IRQHandler
                0x1fffc440                Reserved72_IRQHandler
                0x1fffc440                Reserved110_IRQHandler
                0x1fffc440                DMA11_IRQHandler
                0x1fffc440                Reserved107_IRQHandler
                0x1fffc440                Read_Collision_IRQHandler
                0x1fffc440                FTFC_IRQHandler
                0x1fffc440                DMA7_IRQHandler
                0x1fffc440                FTM1_Ch6_Ch7_IRQHandler
                0x1fffc440                Reserved105_IRQHandler
                0x1fffc440                LPIT0_Ch1_IRQHandler
                0x1fffc440                FTM1_Ch4_Ch5_IRQHandler
                0x1fffc440                FTM3_Ovf_Reload_IRQHandler
                0x1fffc440                LPSPI0_IRQHandler
                0x1fffc440                WDOG_EWM_IRQHandler
                0x1fffc440                MemManage_Handler
                0x1fffc440                Reserved90_IRQHandler
                0x1fffc440                Reserved83_IRQHandler
                0x1fffc440                FTM0_Fault_IRQHandler
                0x1fffc440                Reserved48_IRQHandler
                0x1fffc440                SVC_Handler
                0x1fffc440                ERM_single_fault_IRQHandler
                0x1fffc440                FTM2_Fault_IRQHandler
                0x1fffc440                FTM0_Ch2_Ch3_IRQHandler
                0x1fffc440                Reserved109_IRQHandler
                0x1fffc440                DMA13_IRQHandler
                0x1fffc440                FTM0_Ch0_Ch1_IRQHandler
                0x1fffc440                FTM3_Fault_IRQHandler
                0x1fffc440                RCM_IRQHandler
                0x1fffc440                DMA3_IRQHandler
                0x1fffc440                Reserved100_IRQHandler
                0x1fffc440                DMA0_IRQHandler
                0x1fffc440                Reserved91_IRQHandler
                0x1fffc440                CAN1_ORed_IRQHandler
                0x1fffc440                DMA15_IRQHandler
                0x1fffc440                SCG_IRQHandler
                0x1fffc440                PDB1_IRQHandler
                0x1fffc440                Reserved81_IRQHandler
                0x1fffc440                Reserved46_IRQHandler
                0x1fffc440                Reserved45_IRQHandler
                0x1fffc440                CAN0_Error_IRQHandler
                0x1fffc440                Reserved112_IRQHandler
                0x1fffc440                LPI2C0_Master_IRQHandler
                0x1fffc440                DMA4_IRQHandler
                0x1fffc440                FTM1_Fault_IRQHandler
                0x1fffc440                Reserved106_IRQHandler
                0x1fffc440                DMA_Error_IRQHandler
                0x1fffc440                LVD_LVW_IRQHandler
                0x1fffc440                LPIT0_Ch2_IRQHandler
                0x1fffc440                Reserved51_IRQHandler
                0x1fffc440                PORTA_IRQHandler
                0x1fffc440                MCM_IRQHandler
                0x1fffc440                DMA12_IRQHandler
                0x1fffc440                Reserved44_IRQHandler
                0x1fffc440                FTM3_Ch4_Ch5_IRQHandler
                0x1fffc440                CAN0_ORed_0_15_MB_IRQHandler
                0x1fffc440                PORTE_IRQHandler
                0x1fffc440                LPUART0_RxTx_IRQHandler
                0x1fffc440                LPTMR0_IRQHandler
                0x1fffc440                BusFault_Handler
                0x1fffc440                Reserved87_IRQHandler
                0x1fffc440                FTM1_Ovf_Reload_IRQHandler
                0x1fffc440                DMA8_IRQHandler
                0x1fffc440                Reserved93_IRQHandler
                0x1fffc440                DMA10_IRQHandler
                0x1fffc440                CAN0_Wake_Up_IRQHandler
                0x1fffc440                CMP0_IRQHandler
                0x1fffc440                Reserved52_IRQHandler
                0x1fffc440                PORTC_IRQHandler
                0x1fffc440                DMA6_IRQHandler
                0x1fffc440                FTM1_Ch0_Ch1_IRQHandler
                0x1fffc440                FLEXIO_IRQHandler
                0x1fffc440                DMA1_IRQHandler
                0x1fffc440                Reserved113_IRQHandler
 .text          0x1fffc444      0x370 c:/nxp/s32ds_arm_v2018.r1/cross_tools/gcc-arm-none-eabi-4_9/bin/../lib/gcc/arm-none-eabi/4.9.3/armv7e-m\libgcc.a(_arm_addsubdf3.o)
                0x1fffc444                __aeabi_drsub
                0x1fffc44c                __aeabi_dsub
                0x1fffc44c                __subdf3
                0x1fffc450                __aeabi_dadd
                0x1fffc450                __adddf3
                0x1fffc6c8                __floatunsidf
                0x1fffc6c8                __aeabi_ui2d
                0x1fffc6e8                __floatsidf
                0x1fffc6e8                __aeabi_i2d
                0x1fffc70c                __aeabi_f2d
                0x1fffc70c                __extendsfdf2
                0x1fffc748                __floatundidf
                0x1fffc748                __aeabi_ul2d
                0x1fffc758                __floatdidf
                0x1fffc758                __aeabi_l2d
 .text          0x1fffc7b4      0x424 c:/nxp/s32ds_arm_v2018.r1/cross_tools/gcc-arm-none-eabi-4_9/bin/../lib/gcc/arm-none-eabi/4.9.3/armv7e-m\libgcc.a(_arm_muldivdf3.o)
                0x1fffc7b4                __aeabi_dmul
                0x1fffc7b4                __muldf3
                0x1fffca08                __divdf3
                0x1fffca08                __aeabi_ddiv
 .text          0x1fffcbd8       0xa0 c:/nxp/s32ds_arm_v2018.r1/cross_tools/gcc-arm-none-eabi-4_9/bin/../lib/gcc/arm-none-eabi/4.9.3/armv7e-m\libgcc.a(_arm_truncdfsf2.o)
                0x1fffcbd8                __truncdfsf2
                0x1fffcbd8                __aeabi_d2f
 *(.text*)
 .text.delay    0x1fffcc78       0x38 ./src/main.o
                0x1fffcc78                delay
 .text.ReadCount
                0x1fffccb0       0x94 ./src/main.o
                0x1fffccb0                ReadCount
 .text.ReadAverage
                0x1fffcd44       0x3c ./src/main.o
                0x1fffcd44                ReadAverage
 .text.GetValue
                0x1fffcd80       0x30 ./src/main.o
                0x1fffcd80                GetValue
 .text.GetUnits
                0x1fffcdb0       0x64 ./src/main.o
                0x1fffcdb0                GetUnits
 .text.main     0x1fffce14       0x88 ./src/main.o
                0x1fffce14                main
 .text.SystemInit
                0x1fffce9c       0x30 ./Project_Settings/Startup_Code/system_S32K142.o
                0x1fffce9c                SystemInit
 .text.init_data_bss
                0x1fffcecc      0x110 ./Project_Settings/Startup_Code/startup.o
                0x1fffcecc                init_data_bss
 *(.rodata)
 *(.rodata*)
 *(.glue_7)
 .glue_7        0x00000000        0x0 linker stubs
 *(.glue_7t)
 .glue_7t       0x00000000        0x0 linker stubs
 *(.eh_frame)
 *(.init)
 *(.fini)
                0x1fffcfdc                . = ALIGN (0x4)

.vfp11_veneer   0x1fffcfdc        0x0
 .vfp11_veneer  0x00000000        0x0 linker stubs

.v4_bx          0x1fffcfdc        0x0
 .v4_bx         0x00000000        0x0 linker stubs

.iplt           0x1fffcfdc        0x0
 .iplt          0x00000000        0x0 C:/NXP/S32DS_ARM_v2018.R1/S32DS/arm_ewl2/lib/armv7e-m/__arm_start.o

.rel.dyn        0x1fffcfdc        0x0
 .rel.iplt      0x00000000        0x0 C:/NXP/S32DS_ARM_v2018.R1/S32DS/arm_ewl2/lib/armv7e-m/__arm_start.o

.code_ram       0x1fffcfdc        0x0
                0x1fffcfdc                . = ALIGN (0x4)
                0x1fffcfdc                __CODE_RAM = .
 *(.code_ram)
                0x1fffcfdc                __CODE_ROM = .
                0x1fffcfdc                __CODE_END = .
                0x1fffcfdc                . = ALIGN (0x4)

.ARM.extab
 *(.ARM.extab* .gnu.linkonce.armextab.*)

.ARM            0x1fffcfdc        0x0
                0x1fffcfdc                __exidx_start = .
 *(.ARM.exidx*)
                0x1fffcfdc                __exidx_end = .

.ctors          0x1fffcfdc        0x0
                0x1fffcfdc                __CTOR_LIST__ = .
 *crtbegin.o(.ctors)
 *crtbegin?.o(.ctors)
 *(EXCLUDE_FILE(*crtend.o *crtend?.o) .ctors)
 *(SORT(.ctors.*))
 *(.ctors)
                0x1fffcfdc                __CTOR_END__ = .

.dtors          0x1fffcfdc        0x0
                0x1fffcfdc                __DTOR_LIST__ = .
 *crtbegin.o(.dtors)
 *crtbegin?.o(.dtors)
 *(EXCLUDE_FILE(*crtend.o *crtend?.o) .dtors)
 *(SORT(.dtors.*))
 *(.dtors)
                0x1fffcfdc                __DTOR_END__ = .

.preinit_array  0x1fffcfdc        0x0
                0x1fffcfdc                PROVIDE (__preinit_array_start, .)
 *(.preinit_array*)
                0x1fffcfdc                PROVIDE (__preinit_array_end, .)

.init_array     0x1fffcfdc        0x0
                0x1fffcfdc                PROVIDE (__init_array_start, .)
 *(SORT(.init_array.*))
 *(.init_array*)
                0x1fffcfdc                PROVIDE (__init_array_end, .)

.fini_array     0x1fffcfdc        0x0
                0x1fffcfdc                PROVIDE (__fini_array_start, .)
 *(SORT(.fini_array.*))
 *(.fini_array*)
                0x1fffcfdc                PROVIDE (__fini_array_end, .)
                0x1fffcfdc                __etext = .
                0x1fffcfdc                __DATA_ROM = .
                0x1fffcfdc                __DATA_END = __DATA_ROM

.customSectionBlock
 *(.customSection)

.data           0x20000000        0x8
                0x20000000                . = ALIGN (0x4)
                0x20000000                __DATA_RAM = .
                0x20000000                __data_start__ = .
 *(.data)
 *(.data*)
 .data.constapeso
                0x20000000        0x4 ./src/main.o
                0x20000000                constapeso
 .data.sumapeso_offset
                0x20000004        0x4 ./src/main.o
                0x20000004                sumapeso_offset
 *(.jcr*)
                0x20000008                . = ALIGN (0x4)
                0x20000008                __data_end__ = .

.igot.plt       0x20000008        0x0
 .igot.plt      0x00000000        0x0 C:/NXP/S32DS_ARM_v2018.R1/S32DS/arm_ewl2/lib/armv7e-m/__arm_start.o

.bss            0x20000008       0x30
                0x20000008                . = ALIGN (0x4)
                0x20000008                __BSS_START = .
                0x20000008                __bss_start__ = .
 *(.bss)
 *(.bss*)
 .bss.offset    0x20000008        0x4 ./src/main.o
                0x20000008                offset
 *(COMMON)
 COMMON         0x2000000c       0x2c ./src/main.o
                0x2000000c                j
                0x20000010                valor
                0x20000038                . = ALIGN (0x4)
                0x20000038                __bss_end__ = .
                0x20000038                __BSS_END = .

.heap           0x20000038      0x400
                0x20000038                . = ALIGN (0x8)
                0x20000038                __end__ = .
                0x20000038                PROVIDE (end, .)
                0x20000038                PROVIDE (_end, .)
                0x20000038                PROVIDE (__end, .)
                0x20000038                __HeapBase = .
                0x20000438                . = (. + HEAP_SIZE)
 *fill*         0x20000038      0x400 
                0x20000438                __HeapLimit = .
                0x20000438                __heap_limit = .

.stack          0x20000438      0x400
                0x20000438                . = ALIGN (0x8)
                0x20000838                . = (. + STACK_SIZE)
 *fill*         0x20000438      0x400 
                0x20003000                __StackTop = (ORIGIN (m_data) + 0x3000)
                0x20002c00                __StackLimit = (__StackTop - STACK_SIZE)
                0x20003000                PROVIDE (__stack, __StackTop)

.ARM.attributes
                0x00000000       0x31
 *(.ARM.attributes)
 .ARM.attributes
                0x00000000       0x33 ./src/main.o
 .ARM.attributes
                0x00000033       0x33 ./Project_Settings/Startup_Code/system_S32K142.o
 .ARM.attributes
                0x00000066       0x1b ./Project_Settings/Startup_Code/startup_S32K142.o
 .ARM.attributes
                0x00000081       0x33 ./Project_Settings/Startup_Code/startup.o
 .ARM.attributes
                0x000000b4       0x1e c:/nxp/s32ds_arm_v2018.r1/cross_tools/gcc-arm-none-eabi-4_9/bin/../lib/gcc/arm-none-eabi/4.9.3/armv7e-m\libgcc.a(_arm_addsubdf3.o)
 .ARM.attributes
                0x000000d2       0x1e c:/nxp/s32ds_arm_v2018.r1/cross_tools/gcc-arm-none-eabi-4_9/bin/../lib/gcc/arm-none-eabi/4.9.3/armv7e-m\libgcc.a(_arm_muldivdf3.o)
 .ARM.attributes
                0x000000f0       0x1e c:/nxp/s32ds_arm_v2018.r1/cross_tools/gcc-arm-none-eabi-4_9/bin/../lib/gcc/arm-none-eabi/4.9.3/armv7e-m\libgcc.a(_arm_truncdfsf2.o)
                0x00000001                ASSERT ((__StackLimit >= __HeapLimit), region m_data overflowed with stack and heap)

/DISCARD/
 *(.FlashConfig)
OUTPUT(sensorDePeso.elf elf32-littlearm)

.debug_info     0x00000000      0xf4c
 .debug_info    0x00000000      0x593 ./src/main.o
 .debug_info    0x00000593      0x500 ./Project_Settings/Startup_Code/system_S32K142.o
 .debug_info    0x00000a93       0x9c ./Project_Settings/Startup_Code/startup_S32K142.o
 .debug_info    0x00000b2f      0x41d ./Project_Settings/Startup_Code/startup.o

.debug_abbrev   0x00000000      0x39b
 .debug_abbrev  0x00000000      0x16e ./src/main.o
 .debug_abbrev  0x0000016e      0x118 ./Project_Settings/Startup_Code/system_S32K142.o
 .debug_abbrev  0x00000286       0x14 ./Project_Settings/Startup_Code/startup_S32K142.o
 .debug_abbrev  0x0000029a      0x101 ./Project_Settings/Startup_Code/startup.o

.debug_aranges  0x00000000       0xc0
 .debug_aranges
                0x00000000       0x50 ./src/main.o
 .debug_aranges
                0x00000050       0x30 ./Project_Settings/Startup_Code/system_S32K142.o
 .debug_aranges
                0x00000080       0x20 ./Project_Settings/Startup_Code/startup_S32K142.o
 .debug_aranges
                0x000000a0       0x20 ./Project_Settings/Startup_Code/startup.o

.debug_ranges   0x00000000       0x70
 .debug_ranges  0x00000000       0x40 ./src/main.o
 .debug_ranges  0x00000040       0x20 ./Project_Settings/Startup_Code/system_S32K142.o
 .debug_ranges  0x00000060       0x10 ./Project_Settings/Startup_Code/startup.o

.debug_macro    0x00000000    0x10953
 .debug_macro   0x00000000       0xa5 ./src/main.o
 .debug_macro   0x000000a5      0x868 ./src/main.o
 .debug_macro   0x0000090d       0x52 ./src/main.o
 .debug_macro   0x0000095f       0xa0 ./src/main.o
 .debug_macro   0x000009ff       0x16 ./src/main.o
 .debug_macro   0x00000a15       0x16 ./src/main.o
 .debug_macro   0x00000a2b       0x64 ./src/main.o
 .debug_macro   0x00000a8f      0x185 ./src/main.o
 .debug_macro   0x00000c14      0x140 ./src/main.o
 .debug_macro   0x00000d54       0x9d ./src/main.o
 .debug_macro   0x00000df1       0x10 ./src/main.o
 .debug_macro   0x00000e01      0x15b ./src/main.o
 .debug_macro   0x00000f5c       0x28 ./src/main.o
 .debug_macro   0x00000f84       0x58 ./src/main.o
 .debug_macro   0x00000fdc     0xece3 ./src/main.o
 .debug_macro   0x0000fcbf       0xe8 ./Project_Settings/Startup_Code/system_S32K142.o
 .debug_macro   0x0000fda7       0x10 ./Project_Settings/Startup_Code/system_S32K142.o
 .debug_macro   0x0000fdb7       0x6d ./Project_Settings/Startup_Code/system_S32K142.o
 .debug_macro   0x0000fe24      0x9fc ./Project_Settings/Startup_Code/system_S32K142.o
 .debug_macro   0x00010820       0x22 ./Project_Settings/Startup_Code/system_S32K142.o
 .debug_macro   0x00010842       0x28 ./Project_Settings/Startup_Code/system_S32K142.o
 .debug_macro   0x0001086a       0xe9 ./Project_Settings/Startup_Code/startup.o

.debug_line     0x00000000      0x81d
 .debug_line    0x00000000      0x282 ./src/main.o
 .debug_line    0x00000282      0x2a7 ./Project_Settings/Startup_Code/system_S32K142.o
 .debug_line    0x00000529       0x83 ./Project_Settings/Startup_Code/startup_S32K142.o
 .debug_line    0x000005ac      0x271 ./Project_Settings/Startup_Code/startup.o

.debug_str      0x00000000    0x68d10
 .debug_str     0x00000000    0x63700 ./src/main.o
                              0x6379d (size before relaxing)
 .debug_str     0x00063700     0x54e1 ./Project_Settings/Startup_Code/system_S32K142.o
                              0x68b81 (size before relaxing)
 .debug_str     0x00068be1      0x12f ./Project_Settings/Startup_Code/startup.o
                              0x68ab7 (size before relaxing)

.comment        0x00000000       0x70
 .comment       0x00000000       0x70 ./src/main.o
                                 0x71 (size before relaxing)
 .comment       0x00000000       0x71 ./Project_Settings/Startup_Code/system_S32K142.o
 .comment       0x00000000       0x71 ./Project_Settings/Startup_Code/startup.o

.debug_frame    0x00000000      0x1c4
 .debug_frame   0x00000000      0x10c ./src/main.o
 .debug_frame   0x0000010c       0x80 ./Project_Settings/Startup_Code/system_S32K142.o
 .debug_frame   0x0000018c       0x38 ./Project_Settings/Startup_Code/startup.o
